]**/.cache
]**/.git
]**/.next
]**/.venv
]**/node_modules
]**.aux
]**.fdb_latexmk
]**.fls
]**.out
]**.synctex.gz
]**/target
]**/*build*

# === General build & cache ===
]**/build/
]**/dist/
]**/bin/
]**/obj/
]**/out/
]**/tmp/
]**/.temp/

# === Version control ===
]**/.svn/
]**/.hg/

# === Python ===
]**/__pycache__/
]**/venv/
]**/.mypy_cache/
]**/.pytest_cache/
]**/.ipynb_checkpoints/
]**/.ruff_cache/
]**/.pdm-build/
]**/.tox/
]**/pip-wheel-metadata/
]**/.coverage
]**/.hypothesis/
]**/.nox/

# === Rust ===
]**/.cargo/
]**/.rustup/
]**/Cargo.lock

# === C/C++ ===
]**/CMakeFiles/
]**/CMakeCache.txt
]**/Makefile
]**/*.o
]**/*.obj
]**/*.so
]**/*.dll
]**/*.dylib
]**/*.exe
]**/*.a
]**/*.lib
]**/*.pch
]**/*.pdb
]**/*.mod
]**/*.dSYM/

# === Node.js / TypeScript ===
]**/bower_components/
]**/.nuxt/
]**/.svelte-kit/
]**/.vercel/
]**/.parcel-cache/
]**/.yarn/
]**/.npm/
]**/coverage/
]**/.turbo/
]**/.eslintcache
]**/.vite/
]**/.angular/
]**/.astro/
]**/.tsbuildinfo

# === LaTeX ===
]**/*.bbl
]**/*.bcf
]**/*.blg
]**/*.fdb_latexmk
]**/*.fls
]**/*.out
]**/*.synctex.gz
]**/*.toc
]**/*.lof
]**/*.lot
]**/*.run.xml
]**/*.nav
]**/*.snm

# === IDEs / Editors ===
]**/.vscode/
]**/.idea/
]**/.vs/
]**/.DS_Store
]**/Thumbs.db
]**/*.swp
]**/*.swo
]**/*.tmp
]**/*.bak
]**/*~

# === Miscellaneous ===
]**/*.lock
#]**/.env
#]**/.env.*
]**/.coverage
]**/.benchmarks/
#]**/*.log
